// Jest Snapshot v1, https://goo.gl/fbAQLP

exports[`renders correctly 1`] = `
<div
  style={
    Object {
      "padding": "20px",
    }
  }
>
  <p>
    Some Text
  </p>
</div>
`;
